#BD976A        name
#DBD7CACC       
#444444        =
#DBD7CACC       
#444444        "
#C98A7D        Swallow
#444444        "
#BD976A        job
#DBD7CACC       {
#DBD7CACC        
#BD976A        title
#DBD7CACC       
#444444        =
#DBD7CACC       
#444444        "
#C98A7D        Sr. Nest Maker
#444444        "
#DBD7CACC        
#BD976A        company
#DBD7CACC       
#444444        =
#DBD7CACC       
#444444        "
#C98A7D        Nests R Us
#444444        "
#DBD7CACC        
#BD976A        yearsOfExperience
#DBD7CACC       
#444444        =
#DBD7CACC       
#4C9A91        2
#444444        }