#CB7676        class
#DBD7CACC       
#5DA994        Residence
#DBD7CACC       
#444444        {
#DBD7CACC          
#4D9375        var
#DBD7CACC       rooms: 
#444444        [
#DBD7CACC      Room
#444444        ]
#DBD7CACC       
#CB7676        =
#DBD7CACC       []
#DBD7CACC          
#4D9375        var
#DBD7CACC       numberOfRooms: 
#B8A965        Int
#DBD7CACC       
#444444        {
#DBD7CACC              
#4D9375        return
#DBD7CACC       rooms.
#B8A965        count
#DBD7CACC          
#444444        }
#DBD7CACC          
#CB7676        subscript
#444444        (
#80A665        i
#DBD7CACC      : 
#B8A965        Int
#444444        )
#DBD7CACC       
#CB7676        ->
#DBD7CACC       Room 
#444444        {
#DBD7CACC              
#CB7676        get
#DBD7CACC       
#444444        {
#DBD7CACC                  
#4D9375        return
#DBD7CACC       rooms
#444444        [
#DBD7CACC      i
#444444        ]
#DBD7CACC              
#444444        }
#DBD7CACC              
#CB7676        set
#DBD7CACC       
#444444        {
#DBD7CACC                  rooms
#444444        [
#DBD7CACC      i
#444444        ]
#DBD7CACC       
#CB7676        =
#DBD7CACC       newValue
#DBD7CACC              
#444444        }
#DBD7CACC          
#444444        }
#DBD7CACC          
#CB7676        func
#DBD7CACC       
#80A665        printNumberOfRooms
#444444        ()
#DBD7CACC       
#444444        {
#DBD7CACC              
#B8A965        print
#444444        (
#C98A7D77      "
#C98A7D        The number of rooms is 
#444444        \(
#C98A7D        numberOfRooms
#444444        )
#C98A7D77      "
#444444        )
#DBD7CACC          
#444444        }
#DBD7CACC          
#4D9375        var
#DBD7CACC       address: Address
#444444        ?
#444444        }
#758575DD      // From https://docs.swift.org/swift-book/documentation/the-swift-programming-language/optionalchaining#Defining-Model-Classes-for-Optional-Chaining